1753362232.757030 client started (28380): version next-3.6, socket /tmp/tmux-1000/default, protocol 8
1753362232.757098 on Linux 5.15.148-tegra #1 SMP PREEMPT Tue Jan 7 17:14:38 PST 2025
1753362232.757109 using libevent 2.1.12-stable poll
1753362232.757116 using ncurses 6.3 20211021
1753362232.757140 flags are 0x10010000
1753362232.757148 socket is /tmp/tmux-1000/default
1753362232.757173 trying connect
1753362232.757502 add peer 0xaaaaec970240: 6 ((nil))
1753362232.758008 sending message 111 to peer 0xaaaaec970240 (8 bytes)
1753362232.758032 sending message 111 to peer 0xaaaaec970240 (8 bytes)
1753362232.758041 sending message 101 to peer 0xaaaaec970240 (14 bytes)
1753362232.758048 sending message 109 to peer 0xaaaaec970240 (4 bytes)
1753362232.758054 sending message 102 to peer 0xaaaaec970240 (11 bytes)
1753362232.758060 sending message 108 to peer 0xaaaaec970240 (36 bytes)
1753362232.758065 sending message 112 to peer 0xaaaaec970240 (70 bytes)
1753362232.758071 sending message 112 to peer 0xaaaaec970240 (5 bytes)
1753362232.758077 sending message 112 to peer 0xaaaaec970240 (5 bytes)
1753362232.758083 sending message 112 to peer 0xaaaaec970240 (6 bytes)
1753362232.758088 sending message 112 to peer 0xaaaaec970240 (6 bytes)
1753362232.758094 sending message 112 to peer 0xaaaaec970240 (11 bytes)
1753362232.758099 sending message 112 to peer 0xaaaaec970240 (10 bytes)
1753362232.758105 sending message 112 to peer 0xaaaaec970240 (13 bytes)
1753362232.758110 sending message 112 to peer 0xaaaaec970240 (13 bytes)
1753362232.758116 sending message 112 to peer 0xaaaaec970240 (18 bytes)
1753362232.758121 sending message 112 to peer 0xaaaaec970240 (11 bytes)
1753362232.758126 sending message 112 to peer 0xaaaaec970240 (10 bytes)
1753362232.758132 sending message 112 to peer 0xaaaaec970240 (15 bytes)
1753362232.758137 sending message 112 to peer 0xaaaaec970240 (21 bytes)
1753362232.758142 sending message 112 to peer 0xaaaaec970240 (13 bytes)
1753362232.758147 sending message 112 to peer 0xaaaaec970240 (7 bytes)
1753362232.758153 sending message 112 to peer 0xaaaaec970240 (13 bytes)
1753362232.758158 sending message 112 to peer 0xaaaaec970240 (7 bytes)
1753362232.758163 sending message 112 to peer 0xaaaaec970240 (13 bytes)
1753362232.758168 sending message 112 to peer 0xaaaaec970240 (9 bytes)
1753362232.758174 sending message 112 to peer 0xaaaaec970240 (21 bytes)
1753362232.758179 sending message 112 to peer 0xaaaaec970240 (13 bytes)
1753362232.758184 sending message 112 to peer 0xaaaaec970240 (8 bytes)
1753362232.758190 sending message 112 to peer 0xaaaaec970240 (12 bytes)
1753362232.758195 sending message 112 to peer 0xaaaaec970240 (13 bytes)
1753362232.758200 sending message 112 to peer 0xaaaaec970240 (9 bytes)
1753362232.758205 sending message 112 to peer 0xaaaaec970240 (9 bytes)
1753362232.758211 sending message 112 to peer 0xaaaaec970240 (12 bytes)
1753362232.758216 sending message 112 to peer 0xaaaaec970240 (8 bytes)
1753362232.758221 sending message 112 to peer 0xaaaaec970240 (8 bytes)
1753362232.758227 sending message 112 to peer 0xaaaaec970240 (7 bytes)
1753362232.758232 sending message 112 to peer 0xaaaaec970240 (7 bytes)
1753362232.758253 sending message 112 to peer 0xaaaaec970240 (9 bytes)
1753362232.758263 sending message 112 to peer 0xaaaaec970240 (13 bytes)
1753362232.758268 sending message 112 to peer 0xaaaaec970240 (6 bytes)
1753362232.758273 sending message 112 to peer 0xaaaaec970240 (9 bytes)
1753362232.758279 sending message 112 to peer 0xaaaaec970240 (15 bytes)
1753362232.758284 sending message 112 to peer 0xaaaaec970240 (13 bytes)
1753362232.758289 sending message 112 to peer 0xaaaaec970240 (12 bytes)
1753362232.758295 sending message 112 to peer 0xaaaaec970240 (8 bytes)
1753362232.758300 sending message 112 to peer 0xaaaaec970240 (14 bytes)
1753362232.758305 sending message 112 to peer 0xaaaaec970240 (11 bytes)
1753362232.758310 sending message 112 to peer 0xaaaaec970240 (9 bytes)
1753362232.758316 sending message 112 to peer 0xaaaaec970240 (10 bytes)
1753362232.758321 sending message 112 to peer 0xaaaaec970240 (10 bytes)
1753362232.758347 sending message 112 to peer 0xaaaaec970240 (10 bytes)
1753362232.758354 sending message 112 to peer 0xaaaaec970240 (10 bytes)
1753362232.758359 sending message 112 to peer 0xaaaaec970240 (11 bytes)
1753362232.758365 sending message 112 to peer 0xaaaaec970240 (12 bytes)
1753362232.758370 sending message 112 to peer 0xaaaaec970240 (12 bytes)
1753362232.758376 sending message 112 to peer 0xaaaaec970240 (12 bytes)
1753362232.758381 sending message 112 to peer 0xaaaaec970240 (12 bytes)
1753362232.758387 sending message 112 to peer 0xaaaaec970240 (12 bytes)
1753362232.758392 sending message 112 to peer 0xaaaaec970240 (11 bytes)
1753362232.758397 sending message 112 to peer 0xaaaaec970240 (11 bytes)
1753362232.758403 sending message 112 to peer 0xaaaaec970240 (12 bytes)
1753362232.758408 sending message 112 to peer 0xaaaaec970240 (12 bytes)
1753362232.758413 sending message 112 to peer 0xaaaaec970240 (12 bytes)
1753362232.758418 sending message 112 to peer 0xaaaaec970240 (12 bytes)
1753362232.758424 sending message 112 to peer 0xaaaaec970240 (12 bytes)
1753362232.758429 sending message 112 to peer 0xaaaaec970240 (10 bytes)
1753362232.758434 sending message 112 to peer 0xaaaaec970240 (12 bytes)
1753362232.758440 sending message 112 to peer 0xaaaaec970240 (13 bytes)
1753362232.758445 sending message 112 to peer 0xaaaaec970240 (13 bytes)
1753362232.758451 sending message 112 to peer 0xaaaaec970240 (13 bytes)
1753362232.758456 sending message 112 to peer 0xaaaaec970240 (13 bytes)
1753362232.758461 sending message 112 to peer 0xaaaaec970240 (13 bytes)
1753362232.758467 sending message 112 to peer 0xaaaaec970240 (8 bytes)
1753362232.758472 sending message 112 to peer 0xaaaaec970240 (11 bytes)
1753362232.758477 sending message 112 to peer 0xaaaaec970240 (11 bytes)
1753362232.758483 sending message 112 to peer 0xaaaaec970240 (11 bytes)
1753362232.758488 sending message 112 to peer 0xaaaaec970240 (12 bytes)
1753362232.758494 sending message 112 to peer 0xaaaaec970240 (12 bytes)
1753362232.758499 sending message 112 to peer 0xaaaaec970240 (12 bytes)
1753362232.758504 sending message 112 to peer 0xaaaaec970240 (12 bytes)
1753362232.758510 sending message 112 to peer 0xaaaaec970240 (13 bytes)
1753362232.758515 sending message 112 to peer 0xaaaaec970240 (13 bytes)
1753362232.758520 sending message 112 to peer 0xaaaaec970240 (13 bytes)
1753362232.758526 sending message 112 to peer 0xaaaaec970240 (8 bytes)
1753362232.758531 sending message 112 to peer 0xaaaaec970240 (13 bytes)
1753362232.758537 sending message 112 to peer 0xaaaaec970240 (13 bytes)
1753362232.758542 sending message 112 to peer 0xaaaaec970240 (13 bytes)
1753362232.758548 sending message 112 to peer 0xaaaaec970240 (13 bytes)
1753362232.758553 sending message 112 to peer 0xaaaaec970240 (13 bytes)
1753362232.758558 sending message 112 to peer 0xaaaaec970240 (12 bytes)
1753362232.758564 sending message 112 to peer 0xaaaaec970240 (12 bytes)
1753362232.758569 sending message 112 to peer 0xaaaaec970240 (12 bytes)
1753362232.758575 sending message 112 to peer 0xaaaaec970240 (12 bytes)
1753362232.758580 sending message 112 to peer 0xaaaaec970240 (13 bytes)
1753362232.758585 sending message 112 to peer 0xaaaaec970240 (8 bytes)
1753362232.758591 sending message 112 to peer 0xaaaaec970240 (13 bytes)
1753362232.758596 sending message 112 to peer 0xaaaaec970240 (13 bytes)
1753362232.758602 sending message 112 to peer 0xaaaaec970240 (13 bytes)
1753362232.758607 sending message 112 to peer 0xaaaaec970240 (13 bytes)
1753362232.758613 sending message 112 to peer 0xaaaaec970240 (13 bytes)
1753362232.758618 sending message 112 to peer 0xaaaaec970240 (13 bytes)
1753362232.758624 sending message 112 to peer 0xaaaaec970240 (13 bytes)
1753362232.758629 sending message 112 to peer 0xaaaaec970240 (12 bytes)
1753362232.758635 sending message 112 to peer 0xaaaaec970240 (12 bytes)
1753362232.758640 sending message 112 to peer 0xaaaaec970240 (12 bytes)
1753362232.758646 sending message 112 to peer 0xaaaaec970240 (8 bytes)
1753362232.758651 sending message 112 to peer 0xaaaaec970240 (12 bytes)
1753362232.758664 sending message 112 to peer 0xaaaaec970240 (13 bytes)
1753362232.758670 sending message 112 to peer 0xaaaaec970240 (13 bytes)
1753362232.758676 sending message 112 to peer 0xaaaaec970240 (13 bytes)
1753362232.758681 sending message 112 to peer 0xaaaaec970240 (13 bytes)
1753362232.758687 sending message 112 to peer 0xaaaaec970240 (13 bytes)
1753362232.758692 sending message 112 to peer 0xaaaaec970240 (13 bytes)
1753362232.758697 sending message 112 to peer 0xaaaaec970240 (13 bytes)
1753362232.758703 sending message 112 to peer 0xaaaaec970240 (13 bytes)
1753362232.758708 sending message 112 to peer 0xaaaaec970240 (12 bytes)
1753362232.758714 sending message 112 to peer 0xaaaaec970240 (10 bytes)
1753362232.758719 sending message 112 to peer 0xaaaaec970240 (12 bytes)
1753362232.758724 sending message 112 to peer 0xaaaaec970240 (12 bytes)
1753362232.758730 sending message 112 to peer 0xaaaaec970240 (12 bytes)
1753362232.758735 sending message 112 to peer 0xaaaaec970240 (13 bytes)
1753362232.758741 sending message 112 to peer 0xaaaaec970240 (13 bytes)
1753362232.758746 sending message 112 to peer 0xaaaaec970240 (13 bytes)
1753362232.758752 sending message 112 to peer 0xaaaaec970240 (13 bytes)
1753362232.758757 sending message 112 to peer 0xaaaaec970240 (13 bytes)
1753362232.758763 sending message 112 to peer 0xaaaaec970240 (13 bytes)
1753362232.758768 sending message 112 to peer 0xaaaaec970240 (13 bytes)
1753362232.758774 sending message 112 to peer 0xaaaaec970240 (10 bytes)
1753362232.758779 sending message 112 to peer 0xaaaaec970240 (13 bytes)
1753362232.758784 sending message 112 to peer 0xaaaaec970240 (12 bytes)
1753362232.758790 sending message 112 to peer 0xaaaaec970240 (12 bytes)
1753362232.758796 sending message 112 to peer 0xaaaaec970240 (12 bytes)
1753362232.758801 sending message 112 to peer 0xaaaaec970240 (10 bytes)
1753362232.758807 sending message 112 to peer 0xaaaaec970240 (10 bytes)
1753362232.758812 sending message 112 to peer 0xaaaaec970240 (10 bytes)
1753362232.758818 sending message 112 to peer 0xaaaaec970240 (12 bytes)
1753362232.758823 sending message 112 to peer 0xaaaaec970240 (13 bytes)
1753362232.758829 sending message 112 to peer 0xaaaaec970240 (13 bytes)
1753362232.758835 sending message 112 to peer 0xaaaaec970240 (13 bytes)
1753362232.758840 sending message 112 to peer 0xaaaaec970240 (13 bytes)
1753362232.758846 sending message 112 to peer 0xaaaaec970240 (13 bytes)
1753362232.758851 sending message 112 to peer 0xaaaaec970240 (11 bytes)
1753362232.758857 sending message 112 to peer 0xaaaaec970240 (11 bytes)
1753362232.758862 sending message 112 to peer 0xaaaaec970240 (12 bytes)
1753362232.758868 sending message 112 to peer 0xaaaaec970240 (12 bytes)
1753362232.758873 sending message 112 to peer 0xaaaaec970240 (12 bytes)
1753362232.758879 sending message 112 to peer 0xaaaaec970240 (12 bytes)
1753362232.758885 sending message 112 to peer 0xaaaaec970240 (12 bytes)
1753362232.758890 sending message 112 to peer 0xaaaaec970240 (11 bytes)
1753362232.758896 sending message 112 to peer 0xaaaaec970240 (12 bytes)
1753362232.758901 sending message 112 to peer 0xaaaaec970240 (12 bytes)
1753362232.758907 sending message 112 to peer 0xaaaaec970240 (13 bytes)
1753362232.758912 sending message 112 to peer 0xaaaaec970240 (13 bytes)
1753362232.758918 sending message 112 to peer 0xaaaaec970240 (13 bytes)
1753362232.758923 sending message 112 to peer 0xaaaaec970240 (13 bytes)
1753362232.758929 sending message 112 to peer 0xaaaaec970240 (13 bytes)
1753362232.758934 sending message 112 to peer 0xaaaaec970240 (10 bytes)
1753362232.758940 sending message 112 to peer 0xaaaaec970240 (9 bytes)
1753362232.758945 sending message 112 to peer 0xaaaaec970240 (12 bytes)
1753362232.758951 sending message 112 to peer 0xaaaaec970240 (13 bytes)
1753362232.758956 sending message 112 to peer 0xaaaaec970240 (13 bytes)
1753362232.758961 sending message 112 to peer 0xaaaaec970240 (13 bytes)
1753362232.758967 sending message 112 to peer 0xaaaaec970240 (13 bytes)
1753362232.758972 sending message 112 to peer 0xaaaaec970240 (13 bytes)
1753362232.758984 sending message 112 to peer 0xaaaaec970240 (9 bytes)
1753362232.758990 sending message 112 to peer 0xaaaaec970240 (12 bytes)
1753362232.758996 sending message 112 to peer 0xaaaaec970240 (13 bytes)
1753362232.759001 sending message 112 to peer 0xaaaaec970240 (13 bytes)
1753362232.759007 sending message 112 to peer 0xaaaaec970240 (13 bytes)
1753362232.759012 sending message 112 to peer 0xaaaaec970240 (13 bytes)
1753362232.759018 sending message 112 to peer 0xaaaaec970240 (13 bytes)
1753362232.759023 sending message 112 to peer 0xaaaaec970240 (11 bytes)
1753362232.759029 sending message 112 to peer 0xaaaaec970240 (12 bytes)
1753362232.759034 sending message 112 to peer 0xaaaaec970240 (13 bytes)
1753362232.759040 sending message 112 to peer 0xaaaaec970240 (13 bytes)
1753362232.759045 sending message 112 to peer 0xaaaaec970240 (13 bytes)
1753362232.759051 sending message 112 to peer 0xaaaaec970240 (13 bytes)
1753362232.759056 sending message 112 to peer 0xaaaaec970240 (13 bytes)
1753362232.759061 sending message 112 to peer 0xaaaaec970240 (11 bytes)
1753362232.759067 sending message 112 to peer 0xaaaaec970240 (12 bytes)
1753362232.759072 sending message 112 to peer 0xaaaaec970240 (12 bytes)
1753362232.759077 sending message 112 to peer 0xaaaaec970240 (12 bytes)
1753362232.759083 sending message 112 to peer 0xaaaaec970240 (12 bytes)
1753362232.759088 sending message 112 to peer 0xaaaaec970240 (12 bytes)
1753362232.759094 sending message 112 to peer 0xaaaaec970240 (21 bytes)
1753362232.759099 sending message 112 to peer 0xaaaaec970240 (12 bytes)
1753362232.759104 sending message 112 to peer 0xaaaaec970240 (9 bytes)
1753362232.759110 sending message 112 to peer 0xaaaaec970240 (6 bytes)
1753362232.759115 sending message 112 to peer 0xaaaaec970240 (8 bytes)
1753362232.759120 sending message 112 to peer 0xaaaaec970240 (15 bytes)
1753362232.759126 sending message 112 to peer 0xaaaaec970240 (13 bytes)
1753362232.759131 sending message 112 to peer 0xaaaaec970240 (9 bytes)
1753362232.759137 sending message 112 to peer 0xaaaaec970240 (70 bytes)
1753362232.759142 sending message 112 to peer 0xaaaaec970240 (69 bytes)
1753362232.759148 sending message 112 to peer 0xaaaaec970240 (10 bytes)
1753362232.759154 sending message 112 to peer 0xaaaaec970240 (10 bytes)
1753362232.759159 sending message 112 to peer 0xaaaaec970240 (8 bytes)
1753362232.759165 sending message 112 to peer 0xaaaaec970240 (15 bytes)
1753362232.759170 sending message 112 to peer 0xaaaaec970240 (13 bytes)
1753362232.759176 sending message 112 to peer 0xaaaaec970240 (10 bytes)
1753362232.759182 sending message 112 to peer 0xaaaaec970240 (10 bytes)
1753362232.759187 sending message 112 to peer 0xaaaaec970240 (17 bytes)
1753362232.759193 sending message 112 to peer 0xaaaaec970240 (10 bytes)
1753362232.759198 sending message 112 to peer 0xaaaaec970240 (13 bytes)
1753362232.759203 sending message 112 to peer 0xaaaaec970240 (9 bytes)
1753362232.759209 sending message 112 to peer 0xaaaaec970240 (5 bytes)
1753362232.759215 sending message 112 to peer 0xaaaaec970240 (15 bytes)
1753362232.759222 sending message 104 to peer 0xaaaaec970240 (0 bytes)
1753362232.759228 sending message 110 to peer 0xaaaaec970240 (0 bytes)
1753362232.759235 sending message 107 to peer 0xaaaaec970240 (4 bytes)
1753362232.759240 sending message 105 to peer 0xaaaaec970240 (20 bytes)
1753362232.759246 sending message 105 to peer 0xaaaaec970240 (54 bytes)
1753362232.759251 sending message 105 to peer 0xaaaaec970240 (23 bytes)
1753362232.759257 sending message 105 to peer 0xaaaaec970240 (11 bytes)
1753362232.759263 sending message 105 to peer 0xaaaaec970240 (18 bytes)
1753362232.759268 sending message 105 to peer 0xaaaaec970240 (44 bytes)
1753362232.759274 sending message 105 to peer 0xaaaaec970240 (32 bytes)
1753362232.759279 sending message 105 to peer 0xaaaaec970240 (86 bytes)
1753362232.759285 sending message 105 to peer 0xaaaaec970240 (30 bytes)
1753362232.759290 sending message 105 to peer 0xaaaaec970240 (52 bytes)
1753362232.759296 sending message 105 to peer 0xaaaaec970240 (19 bytes)
1753362232.759307 sending message 105 to peer 0xaaaaec970240 (28 bytes)
1753362232.759313 sending message 105 to peer 0xaaaaec970240 (18 bytes)
1753362232.759319 sending message 105 to peer 0xaaaaec970240 (18 bytes)
1753362232.759324 sending message 105 to peer 0xaaaaec970240 (17 bytes)
1753362232.759329 sending message 105 to peer 0xaaaaec970240 (8 bytes)
1753362232.759335 sending message 105 to peer 0xaaaaec970240 (35 bytes)
1753362232.759341 sending message 105 to peer 0xaaaaec970240 (15 bytes)
1753362232.759346 sending message 105 to peer 0xaaaaec970240 (32 bytes)
1753362232.759352 sending message 105 to peer 0xaaaaec970240 (1519 bytes)
1753362232.759377 sending message 105 to peer 0xaaaaec970240 (35 bytes)
1753362232.759384 sending message 105 to peer 0xaaaaec970240 (53 bytes)
1753362232.759390 sending message 105 to peer 0xaaaaec970240 (16 bytes)
1753362232.759396 sending message 105 to peer 0xaaaaec970240 (26 bytes)
1753362232.759401 sending message 105 to peer 0xaaaaec970240 (62 bytes)
1753362232.759406 sending message 105 to peer 0xaaaaec970240 (43 bytes)
1753362232.759412 sending message 105 to peer 0xaaaaec970240 (12 bytes)
1753362232.759417 sending message 105 to peer 0xaaaaec970240 (11 bytes)
1753362232.759422 sending message 105 to peer 0xaaaaec970240 (231 bytes)
1753362232.759428 sending message 105 to peer 0xaaaaec970240 (40 bytes)
1753362232.759433 sending message 105 to peer 0xaaaaec970240 (19 bytes)
1753362232.759439 sending message 105 to peer 0xaaaaec970240 (18 bytes)
1753362232.759444 sending message 105 to peer 0xaaaaec970240 (82 bytes)
1753362232.759450 sending message 105 to peer 0xaaaaec970240 (19 bytes)
1753362232.759455 sending message 105 to peer 0xaaaaec970240 (8 bytes)
1753362232.759461 sending message 105 to peer 0xaaaaec970240 (33 bytes)
1753362232.759466 sending message 105 to peer 0xaaaaec970240 (41 bytes)
1753362232.759472 sending message 105 to peer 0xaaaaec970240 (22 bytes)
1753362232.759477 sending message 105 to peer 0xaaaaec970240 (19 bytes)
1753362232.759483 sending message 105 to peer 0xaaaaec970240 (18 bytes)
1753362232.759488 sending message 105 to peer 0xaaaaec970240 (30 bytes)
1753362232.759493 sending message 105 to peer 0xaaaaec970240 (35 bytes)
1753362232.759499 sending message 105 to peer 0xaaaaec970240 (13 bytes)
1753362232.759504 sending message 105 to peer 0xaaaaec970240 (12 bytes)
1753362232.759509 sending message 105 to peer 0xaaaaec970240 (16 bytes)
1753362232.759515 sending message 105 to peer 0xaaaaec970240 (17 bytes)
1753362232.759520 sending message 105 to peer 0xaaaaec970240 (13 bytes)
1753362232.759525 sending message 105 to peer 0xaaaaec970240 (41 bytes)
1753362232.759531 sending message 105 to peer 0xaaaaec970240 (45 bytes)
1753362232.759536 sending message 105 to peer 0xaaaaec970240 (33 bytes)
1753362232.759541 sending message 105 to peer 0xaaaaec970240 (102 bytes)
1753362232.759547 sending message 105 to peer 0xaaaaec970240 (23 bytes)
1753362232.759552 sending message 105 to peer 0xaaaaec970240 (31 bytes)
1753362232.759558 sending message 105 to peer 0xaaaaec970240 (23 bytes)
1753362232.759563 sending message 105 to peer 0xaaaaec970240 (27 bytes)
1753362232.759568 sending message 105 to peer 0xaaaaec970240 (21 bytes)
1753362232.759573 sending message 105 to peer 0xaaaaec970240 (20 bytes)
1753362232.759579 sending message 105 to peer 0xaaaaec970240 (28 bytes)
1753362232.759584 sending message 105 to peer 0xaaaaec970240 (16 bytes)
1753362232.759589 sending message 105 to peer 0xaaaaec970240 (24 bytes)
1753362232.759594 sending message 105 to peer 0xaaaaec970240 (20 bytes)
1753362232.759600 sending message 105 to peer 0xaaaaec970240 (35 bytes)
1753362232.759605 sending message 105 to peer 0xaaaaec970240 (10 bytes)
1753362232.759610 sending message 106 to peer 0xaaaaec970240 (0 bytes)
1753362232.759704 sending message 200 to peer 0xaaaaec970240 (4 bytes)
1753362232.759717 client loop enter
1753362232.760175 peer 0xaaaaec970240 message 303
1753362232.760186 open write file 2 -
1753362232.760198 sending message 305 to peer 0xaaaaec970240 (8 bytes)
1753362232.760224 write check file 2
1753362232.760289 peer 0xaaaaec970240 message 304
1753362232.760298 write 58 to file 2
1753362232.760306 peer 0xaaaaec970240 message 203
1753362232.760312 file 2 58 bytes left
1753362232.760336 write check file 2
1753362232.760344 client loop exit
